// Vitest Snapshot v1, https://vitest.dev/guide/snapshot.html

exports[`DialogBackupPhrase - Snapshots > matches snapshot for default DialogBackupPhrase 1`] = `
<div
  data-testid="dialog"
>
  <div
    data-as-child="true"
    data-testid="dialog-trigger"
  >
    <button
      class="gap-2"
      data-testid="button-secondary"
    >
      <div
        class="h-4 w-4"
        data-testid="file-text-icon"
      >
        FileText
      </div>
      <span>
        Recovery phrase
      </span>
    </button>
  </div>
  <div
    class="gap-6 p-8"
    data-testid="dialog-content"
  >
    <div
      class="space-y-1.5 pr-6"
      data-testid="dialog-header"
    >
      <h2
        class="text-2xl font-bold leading-8 sm:text-xl sm:leading-7"
        data-testid="dialog-title"
      >
        Backup recovery phrase
      </h2>
      <p
        class="text-sm leading-5 max-w-[530px]"
        data-testid="dialog-description"
      >
        Use the recovery phrase below to recover your account at a later date. Write down these 12 words in the correct order and store them in a safe place.
         
        <span
          class="text-brand font-bold"
        >
          Never share this recovery phrase with anyone.
        </span>
      </p>
    </div>
    <div
      class="blur-xs"
      data-testid="container"
    >
      <div
        class="grid-cols-2 md:grid-cols-3 gap-3"
        data-testid="container"
      />
    </div>
    <div
      class="gap-4 sm:gap-3 md:flex-row justify-between"
      data-testid="container"
    >
      <div
        data-as-child="true"
        data-testid="dialog-close"
      >
        <button
          class="flex-1 rounded-full h-10 px-4 py-2.5 md:px-12 md:py-6"
          data-testid="button-outline"
        >
          Cancel
        </button>
      </div>
      <button
        class="flex-1 rounded-full h-10 px-4 py-2.5 md:px-12 md:py-6"
        data-testid="button-default"
      >
        <div
          class="mr-2 h-4 w-4"
          data-testid="eye-icon"
        >
          Eye
        </div>
        Reveal recovery phrase
      </button>
    </div>
  </div>
</div>
`;
