// Vitest Snapshot v1, https://vitest.dev/guide/snapshot.html

exports[`Metadata - Snapshots > matches snapshot for default metadata configuration 1`] = `
{
  "alternates": {
    "canonical": "https://pubky.app",
  },
  "authors": [
    {
      "name": "Pubky Team",
    },
  ],
  "creator": "Pubky Team",
  "description": "Test Description",
  "icons": {
    "apple": "/pubky-favicon.svg",
    "icon": "/pubky-favicon.svg",
    "shortcut": "/pubky-favicon.svg",
  },
  "keywords": "pubky, social media, decentralized, key, pkarr, pubky core",
  "openGraph": {
    "description": "Test Description",
    "images": [
      {
        "alt": "Test Title",
        "height": 630,
        "url": "/preview.png",
        "width": 1200,
      },
    ],
    "locale": "en_US",
    "siteName": "Pubky App",
    "title": "Test Title",
    "type": "website",
    "url": "https://pubky.app",
  },
  "robots": {
    "follow": true,
    "index": true,
  },
  "title": "Test Title",
  "twitter": {
    "card": "summary_large_image",
    "creator": "@getpubky",
    "description": "Test Description",
    "images": [
      "/preview.png",
    ],
    "site": "https://pubky.app",
    "title": "Test Title",
  },
}
`;

exports[`Metadata - Snapshots > matches snapshot for metadata with custom parameters 1`] = `
{
  "alternates": {
    "canonical": "https://custom-url.com",
  },
  "authors": [
    {
      "name": "Custom Author",
    },
  ],
  "creator": "Custom Author",
  "description": "Custom Description",
  "icons": {
    "apple": "/pubky-favicon.svg",
    "icon": "/pubky-favicon.svg",
    "shortcut": "/pubky-favicon.svg",
  },
  "keywords": "custom, keywords",
  "openGraph": {
    "description": "Custom Description",
    "images": [
      {
        "alt": "Custom Title",
        "height": 630,
        "url": "/custom-image.jpg",
        "width": 1200,
      },
    ],
    "locale": "it_IT",
    "siteName": "Custom Site",
    "title": "Custom Title",
    "type": "article",
    "url": "https://custom-url.com",
  },
  "robots": {
    "follow": false,
    "index": false,
  },
  "title": "Custom Title",
  "twitter": {
    "card": "summary_large_image",
    "creator": "@getpubky",
    "description": "Custom Description",
    "images": [
      "/custom-image.jpg",
    ],
    "site": "https://pubky.app",
    "title": "Custom Title",
  },
}
`;

exports[`Metadata - Snapshots > matches snapshot for metadata with image 1`] = `
{
  "alternates": {
    "canonical": "https://pubky.app",
  },
  "authors": [
    {
      "name": "Pubky Team",
    },
  ],
  "creator": "Pubky Team",
  "description": "Testing custom image",
  "icons": {
    "apple": "/pubky-favicon.svg",
    "icon": "/pubky-favicon.svg",
    "shortcut": "/pubky-favicon.svg",
  },
  "keywords": "pubky, social media, decentralized, key, pkarr, pubky core",
  "openGraph": {
    "description": "Testing custom image",
    "images": [
      {
        "alt": "Image Test",
        "height": 630,
        "url": "/image.jpg",
        "width": 1200,
      },
    ],
    "locale": "en_US",
    "siteName": "Pubky App",
    "title": "Image Test",
    "type": "website",
    "url": "https://pubky.app",
  },
  "robots": {
    "follow": true,
    "index": true,
  },
  "title": "Image Test",
  "twitter": {
    "card": "summary_large_image",
    "creator": "@getpubky",
    "description": "Testing custom image",
    "images": [
      "/image.jpg",
    ],
    "site": "https://pubky.app",
    "title": "Image Test",
  },
}
`;

exports[`Metadata - Snapshots > matches snapshot for metadata with minimal configuration 1`] = `
{
  "alternates": {
    "canonical": "https://pubky.app",
  },
  "authors": [
    {
      "name": "Pubky Team",
    },
  ],
  "creator": "Pubky Team",
  "description": "Minimal description",
  "icons": {
    "apple": "/pubky-favicon.svg",
    "icon": "/pubky-favicon.svg",
    "shortcut": "/pubky-favicon.svg",
  },
  "keywords": "pubky, social media, decentralized, key, pkarr, pubky core",
  "openGraph": {
    "description": "Minimal description",
    "images": [
      {
        "alt": "Minimal",
        "height": 630,
        "url": "/preview.png",
        "width": 1200,
      },
    ],
    "locale": "en_US",
    "siteName": "Pubky App",
    "title": "Minimal",
    "type": "website",
    "url": "https://pubky.app",
  },
  "robots": {
    "follow": true,
    "index": true,
  },
  "title": "Minimal",
  "twitter": {
    "card": "summary_large_image",
    "creator": "@getpubky",
    "description": "Minimal description",
    "images": [
      "/preview.png",
    ],
    "site": "https://pubky.app",
    "title": "Minimal",
  },
}
`;

exports[`Metadata - Snapshots > matches snapshot with empty strings 1`] = `
{
  "alternates": {
    "canonical": "https://pubky.app",
  },
  "authors": [
    {
      "name": "Pubky Team",
    },
  ],
  "creator": "Pubky Team",
  "description": "",
  "icons": {
    "apple": "/pubky-favicon.svg",
    "icon": "/pubky-favicon.svg",
    "shortcut": "/pubky-favicon.svg",
  },
  "keywords": "pubky, social media, decentralized, key, pkarr, pubky core",
  "openGraph": {
    "description": "",
    "images": [
      {
        "alt": "",
        "height": 630,
        "url": "/preview.png",
        "width": 1200,
      },
    ],
    "locale": "en_US",
    "siteName": "Pubky App",
    "title": "",
    "type": "website",
    "url": "https://pubky.app",
  },
  "robots": {
    "follow": true,
    "index": true,
  },
  "title": "",
  "twitter": {
    "card": "summary_large_image",
    "creator": "@getpubky",
    "description": "",
    "images": [
      "/preview.png",
    ],
    "site": "https://pubky.app",
    "title": "",
  },
}
`;

exports[`Metadata - Snapshots > matches snapshot with long title and description 1`] = `
{
  "alternates": {
    "canonical": "https://pubky.app",
  },
  "authors": [
    {
      "name": "Pubky Team",
    },
  ],
  "creator": "Pubky Team",
  "description": "BBBBBBBBBBBBBBBBBBBBBBBBBBBBBBBBBBBBBBBBBBBBBBBBBBBBBBBBBBBBBBBBBBBBBBBBBBBBBBBBBBBBBBBBBBBBBBBBBBBBBBBBBBBBBBBBBBBBBBBBBBBBBBBBBBBBBBBBBBBBBBBBBBBBBBBBBBBBBBBBBBBBBBBBBBBBBBBBBBBBBBBBBBBBBBBBBBBBBBBBBBBBBBBBBBBBBBBBBBBBBBBBBBBBBBBBBBBBBBBBBBBBBBBBBBBBBBBBBBBBBBBBBBBBBBBBBBBBBBBBBBBBBBBBBBBBBBBBBBBBBBBBBBBBBBBBBBBBBBBBBBBBBBBBBBBBBBBBBBBBBBBBBBBBBBBBBBBBBBBBBBBBBBBBBBBBBBBBBBBBBBBBBBBBBBBBBBBBBBBBBBBBBBBBBBBBBBBBBBBBBBBBBBBBBBBBBBBBBBBBBBBBBBBBBBBBBBBBBBBBBBBBBBBBBBBBBBBBBBBBBBBBBBBBBBBBBBBBBBBBBBBBBBBBBBBBBBBBBBBBBBBBBBBBBBBBBBBBBBBBBBBBBBBBBBBBBBBBBBBBBBBBBBBBBBBBBBBBBBBBBBBBBBBBBBBBBBBBBBBBBBBBBBBBBBBBBBBBBBBBBBBBBBBBBBBBBBBBBBBBBBBBBBBBBBBBBBBBBBBBBBBBBBBBBBBBBBBBBBBBBBBBBBBBBBBBBBBBBBBBBBBBBBBBBBBBBBBBBBBBBBBBBBBBBBBBBBBBBBBBBBBBBBBBBBBBBBBBBBBBBBBBBBBBBBBBBBBBBBBBBBBBBBBBBBBBBBBBBBBBBBBBBBBBBBBBBBBBBBBBBBBBBBBBBBBBBBBBBBBBBBBBBBBBBBBBBBBBBBBBBBBBBBBBBBBBBBBBBBBBBBBBBBBBBBBBBBBBBBBBBBBBBBBBBBBBBBBBBBBBBBBBBBBBBBBBBBBBBBBBBBBBBBBBBBBBBBBBBBBBBBBBBBBBBBBBBBBBBBBBBBBBBBBBBBBBBBBBBBBB",
  "icons": {
    "apple": "/pubky-favicon.svg",
    "icon": "/pubky-favicon.svg",
    "shortcut": "/pubky-favicon.svg",
  },
  "keywords": "pubky, social media, decentralized, key, pkarr, pubky core",
  "openGraph": {
    "description": "BBBBBBBBBBBBBBBBBBBBBBBBBBBBBBBBBBBBBBBBBBBBBBBBBBBBBBBBBBBBBBBBBBBBBBBBBBBBBBBBBBBBBBBBBBBBBBBBBBBBBBBBBBBBBBBBBBBBBBBBBBBBBBBBBBBBBBBBBBBBBBBBBBBBBBBBBBBBBBBBBBBBBBBBBBBBBBBBBBBBBBBBBBBBBBBBBBBBBBBBBBBBBBBBBBBBBBBBBBBBBBBBBBBBBBBBBBBBBBBBBBBBBBBBBBBBBBBBBBBBBBBBBBBBBBBBBBBBBBBBBBBBBBBBBBBBBBBBBBBBBBBBBBBBBBBBBBBBBBBBBBBBBBBBBBBBBBBBBBBBBBBBBBBBBBBBBBBBBBBBBBBBBBBBBBBBBBBBBBBBBBBBBBBBBBBBBBBBBBBBBBBBBBBBBBBBBBBBBBBBBBBBBBBBBBBBBBBBBBBBBBBBBBBBBBBBBBBBBBBBBBBBBBBBBBBBBBBBBBBBBBBBBBBBBBBBBBBBBBBBBBBBBBBBBBBBBBBBBBBBBBBBBBBBBBBBBBBBBBBBBBBBBBBBBBBBBBBBBBBBBBBBBBBBBBBBBBBBBBBBBBBBBBBBBBBBBBBBBBBBBBBBBBBBBBBBBBBBBBBBBBBBBBBBBBBBBBBBBBBBBBBBBBBBBBBBBBBBBBBBBBBBBBBBBBBBBBBBBBBBBBBBBBBBBBBBBBBBBBBBBBBBBBBBBBBBBBBBBBBBBBBBBBBBBBBBBBBBBBBBBBBBBBBBBBBBBBBBBBBBBBBBBBBBBBBBBBBBBBBBBBBBBBBBBBBBBBBBBBBBBBBBBBBBBBBBBBBBBBBBBBBBBBBBBBBBBBBBBBBBBBBBBBBBBBBBBBBBBBBBBBBBBBBBBBBBBBBBBBBBBBBBBBBBBBBBBBBBBBBBBBBBBBBBBBBBBBBBBBBBBBBBBBBBBBBBBBBBBBBBBBBBBBBBBBBBBBBBBBBBBBBBBBBBBBBBBBBBBBBBBBBBBBBBBBBBBBBBBBBB",
    "images": [
      {
        "alt": "AAAAAAAAAAAAAAAAAAAAAAAAAAAAAAAAAAAAAAAAAAAAAAAAAAAAAAAAAAAAAAAAAAAAAAAAAAAAAAAAAAAAAAAAAAAAAAAAAAAAAAAAAAAAAAAAAAAAAAAAAAAAAAAAAAAAAAAAAAAAAAAAAAAAAAAAAAAAAAAAAAAAAAAAAAAAAAAAAAAAAAAAAAAAAAAAAAAAAAAAAAAAAAAAAAAAAAAAAAAAAAAAAAAAAAAAAAAAAAAAAAAAAAAAAAAAAAAAAAAAAAAAAAAAAAAAAAAAAAAAAAAAAAAAAAAAAAAAAAAAAAAAAAAAAAAAAAAAAAAAAAAAAAAAAAAAAAAAAAAAAAAAAAAAAAAAAAAAAAAAAAAAAAAAAAAAAAAAAAAAAAAAAAAAAAAAAAAAAAAAAAAAAAAAAAAAAAAAAAAAAAAAAAAAAAAAAAAAAAAAAAAAAAAAAAAAAAAAAAAAAAAAAAAAAAAAAAAAAAAAAAAAAAAAAAAAAAAAAAAAAAAAAAAAAAAAAAAAAAAAAAAAAAAAAAAAAAAAAAAAAAAAAAAAAAAAAAAAAAAAAAAAAAAAAAAAAAAAAAAAAAAAAAAAAAAAAAAAAAAAAAAAAAAAAAAAAAAAAAAAAAAAAAAAAAAAAAAAAAAAAAAAAAAAAAAAAAAAAAAAAAAAAAAAAAAAAAAAAAAAAAAAAAAAAAAAAAAAAAAAAAAAAAAAAAAAAAAAAAAAAAAAAAAAAAAAAAAAAAAAAAAAAAAAAAAAAAAAAAAAAAAAAAAAAAAAAAAAAAAAAAAAAAAAAAAAAAAAAAAAAAAAAAAAAAAAAAAAAAAAAAAAAAAAAAAAAAAAAAAAAAAAAAAAAAAAAAAAAAAAAAAAAAAAAAAAAAAAAAAAAAAAAAAAAAAAAAAAAAAAAAAAAAAAAAAAAAAAAAAAAAAAAAAAAAAAAAAAAAAAAAAAAAAAAAAAAAAAAAAAAAAAAAAAAAAAAAAAAAAAAAAAAAAAAAAAAAAAAAAA",
        "height": 630,
        "url": "/preview.png",
        "width": 1200,
      },
    ],
    "locale": "en_US",
    "siteName": "Pubky App",
    "title": "AAAAAAAAAAAAAAAAAAAAAAAAAAAAAAAAAAAAAAAAAAAAAAAAAAAAAAAAAAAAAAAAAAAAAAAAAAAAAAAAAAAAAAAAAAAAAAAAAAAAAAAAAAAAAAAAAAAAAAAAAAAAAAAAAAAAAAAAAAAAAAAAAAAAAAAAAAAAAAAAAAAAAAAAAAAAAAAAAAAAAAAAAAAAAAAAAAAAAAAAAAAAAAAAAAAAAAAAAAAAAAAAAAAAAAAAAAAAAAAAAAAAAAAAAAAAAAAAAAAAAAAAAAAAAAAAAAAAAAAAAAAAAAAAAAAAAAAAAAAAAAAAAAAAAAAAAAAAAAAAAAAAAAAAAAAAAAAAAAAAAAAAAAAAAAAAAAAAAAAAAAAAAAAAAAAAAAAAAAAAAAAAAAAAAAAAAAAAAAAAAAAAAAAAAAAAAAAAAAAAAAAAAAAAAAAAAAAAAAAAAAAAAAAAAAAAAAAAAAAAAAAAAAAAAAAAAAAAAAAAAAAAAAAAAAAAAAAAAAAAAAAAAAAAAAAAAAAAAAAAAAAAAAAAAAAAAAAAAAAAAAAAAAAAAAAAAAAAAAAAAAAAAAAAAAAAAAAAAAAAAAAAAAAAAAAAAAAAAAAAAAAAAAAAAAAAAAAAAAAAAAAAAAAAAAAAAAAAAAAAAAAAAAAAAAAAAAAAAAAAAAAAAAAAAAAAAAAAAAAAAAAAAAAAAAAAAAAAAAAAAAAAAAAAAAAAAAAAAAAAAAAAAAAAAAAAAAAAAAAAAAAAAAAAAAAAAAAAAAAAAAAAAAAAAAAAAAAAAAAAAAAAAAAAAAAAAAAAAAAAAAAAAAAAAAAAAAAAAAAAAAAAAAAAAAAAAAAAAAAAAAAAAAAAAAAAAAAAAAAAAAAAAAAAAAAAAAAAAAAAAAAAAAAAAAAAAAAAAAAAAAAAAAAAAAAAAAAAAAAAAAAAAAAAAAAAAAAAAAAAAAAAAAAAAAAAAAAAAAAAAAAAAAAAAAAAAAAAAAAAAAAAAAAAAAAAAAAAAAAA",
    "type": "website",
    "url": "https://pubky.app",
  },
  "robots": {
    "follow": true,
    "index": true,
  },
  "title": "AAAAAAAAAAAAAAAAAAAAAAAAAAAAAAAAAAAAAAAAAAAAAAAAAAAAAAAAAAAAAAAAAAAAAAAAAAAAAAAAAAAAAAAAAAAAAAAAAAAAAAAAAAAAAAAAAAAAAAAAAAAAAAAAAAAAAAAAAAAAAAAAAAAAAAAAAAAAAAAAAAAAAAAAAAAAAAAAAAAAAAAAAAAAAAAAAAAAAAAAAAAAAAAAAAAAAAAAAAAAAAAAAAAAAAAAAAAAAAAAAAAAAAAAAAAAAAAAAAAAAAAAAAAAAAAAAAAAAAAAAAAAAAAAAAAAAAAAAAAAAAAAAAAAAAAAAAAAAAAAAAAAAAAAAAAAAAAAAAAAAAAAAAAAAAAAAAAAAAAAAAAAAAAAAAAAAAAAAAAAAAAAAAAAAAAAAAAAAAAAAAAAAAAAAAAAAAAAAAAAAAAAAAAAAAAAAAAAAAAAAAAAAAAAAAAAAAAAAAAAAAAAAAAAAAAAAAAAAAAAAAAAAAAAAAAAAAAAAAAAAAAAAAAAAAAAAAAAAAAAAAAAAAAAAAAAAAAAAAAAAAAAAAAAAAAAAAAAAAAAAAAAAAAAAAAAAAAAAAAAAAAAAAAAAAAAAAAAAAAAAAAAAAAAAAAAAAAAAAAAAAAAAAAAAAAAAAAAAAAAAAAAAAAAAAAAAAAAAAAAAAAAAAAAAAAAAAAAAAAAAAAAAAAAAAAAAAAAAAAAAAAAAAAAAAAAAAAAAAAAAAAAAAAAAAAAAAAAAAAAAAAAAAAAAAAAAAAAAAAAAAAAAAAAAAAAAAAAAAAAAAAAAAAAAAAAAAAAAAAAAAAAAAAAAAAAAAAAAAAAAAAAAAAAAAAAAAAAAAAAAAAAAAAAAAAAAAAAAAAAAAAAAAAAAAAAAAAAAAAAAAAAAAAAAAAAAAAAAAAAAAAAAAAAAAAAAAAAAAAAAAAAAAAAAAAAAAAAAAAAAAAAAAAAAAAAAAAAAAAAAAAAAAAAAAAAAAAAAAAAAAAAAAAAAAAAAAAAAAAA",
  "twitter": {
    "card": "summary_large_image",
    "creator": "@getpubky",
    "description": "BBBBBBBBBBBBBBBBBBBBBBBBBBBBBBBBBBBBBBBBBBBBBBBBBBBBBBBBBBBBBBBBBBBBBBBBBBBBBBBBBBBBBBBBBBBBBBBBBBBBBBBBBBBBBBBBBBBBBBBBBBBBBBBBBBBBBBBBBBBBBBBBBBBBBBBBBBBBBBBBBBBBBBBBBBBBBBBBBBBBBBBBBBBBBBBBBBBBBBBBBBBBBBBBBBBBBBBBBBBBBBBBBBBBBBBBBBBBBBBBBBBBBBBBBBBBBBBBBBBBBBBBBBBBBBBBBBBBBBBBBBBBBBBBBBBBBBBBBBBBBBBBBBBBBBBBBBBBBBBBBBBBBBBBBBBBBBBBBBBBBBBBBBBBBBBBBBBBBBBBBBBBBBBBBBBBBBBBBBBBBBBBBBBBBBBBBBBBBBBBBBBBBBBBBBBBBBBBBBBBBBBBBBBBBBBBBBBBBBBBBBBBBBBBBBBBBBBBBBBBBBBBBBBBBBBBBBBBBBBBBBBBBBBBBBBBBBBBBBBBBBBBBBBBBBBBBBBBBBBBBBBBBBBBBBBBBBBBBBBBBBBBBBBBBBBBBBBBBBBBBBBBBBBBBBBBBBBBBBBBBBBBBBBBBBBBBBBBBBBBBBBBBBBBBBBBBBBBBBBBBBBBBBBBBBBBBBBBBBBBBBBBBBBBBBBBBBBBBBBBBBBBBBBBBBBBBBBBBBBBBBBBBBBBBBBBBBBBBBBBBBBBBBBBBBBBBBBBBBBBBBBBBBBBBBBBBBBBBBBBBBBBBBBBBBBBBBBBBBBBBBBBBBBBBBBBBBBBBBBBBBBBBBBBBBBBBBBBBBBBBBBBBBBBBBBBBBBBBBBBBBBBBBBBBBBBBBBBBBBBBBBBBBBBBBBBBBBBBBBBBBBBBBBBBBBBBBBBBBBBBBBBBBBBBBBBBBBBBBBBBBBBBBBBBBBBBBBBBBBBBBBBBBBBBBBBBBBBBBBBBBBBBBBBBBBBBBBBBBBBBBBBBBBBBBBBBBBBBBBBBBBBBBBBBBBBBBBBBBBB",
    "images": [
      "/preview.png",
    ],
    "site": "https://pubky.app",
    "title": "AAAAAAAAAAAAAAAAAAAAAAAAAAAAAAAAAAAAAAAAAAAAAAAAAAAAAAAAAAAAAAAAAAAAAAAAAAAAAAAAAAAAAAAAAAAAAAAAAAAAAAAAAAAAAAAAAAAAAAAAAAAAAAAAAAAAAAAAAAAAAAAAAAAAAAAAAAAAAAAAAAAAAAAAAAAAAAAAAAAAAAAAAAAAAAAAAAAAAAAAAAAAAAAAAAAAAAAAAAAAAAAAAAAAAAAAAAAAAAAAAAAAAAAAAAAAAAAAAAAAAAAAAAAAAAAAAAAAAAAAAAAAAAAAAAAAAAAAAAAAAAAAAAAAAAAAAAAAAAAAAAAAAAAAAAAAAAAAAAAAAAAAAAAAAAAAAAAAAAAAAAAAAAAAAAAAAAAAAAAAAAAAAAAAAAAAAAAAAAAAAAAAAAAAAAAAAAAAAAAAAAAAAAAAAAAAAAAAAAAAAAAAAAAAAAAAAAAAAAAAAAAAAAAAAAAAAAAAAAAAAAAAAAAAAAAAAAAAAAAAAAAAAAAAAAAAAAAAAAAAAAAAAAAAAAAAAAAAAAAAAAAAAAAAAAAAAAAAAAAAAAAAAAAAAAAAAAAAAAAAAAAAAAAAAAAAAAAAAAAAAAAAAAAAAAAAAAAAAAAAAAAAAAAAAAAAAAAAAAAAAAAAAAAAAAAAAAAAAAAAAAAAAAAAAAAAAAAAAAAAAAAAAAAAAAAAAAAAAAAAAAAAAAAAAAAAAAAAAAAAAAAAAAAAAAAAAAAAAAAAAAAAAAAAAAAAAAAAAAAAAAAAAAAAAAAAAAAAAAAAAAAAAAAAAAAAAAAAAAAAAAAAAAAAAAAAAAAAAAAAAAAAAAAAAAAAAAAAAAAAAAAAAAAAAAAAAAAAAAAAAAAAAAAAAAAAAAAAAAAAAAAAAAAAAAAAAAAAAAAAAAAAAAAAAAAAAAAAAAAAAAAAAAAAAAAAAAAAAAAAAAAAAAAAAAAAAAAAAAAAAAAAAAAAAAAAAAAAAAAAAAAAAAAAAAAAAAAAAAAA",
  },
}
`;

exports[`Metadata - Snapshots > matches snapshot with special characters 1`] = `
{
  "alternates": {
    "canonical": "https://pubky.app",
  },
  "authors": [
    {
      "name": "Pubky Team",
    },
  ],
  "creator": "Pubky Team",
  "description": "More special: ©®™€£¥",
  "icons": {
    "apple": "/pubky-favicon.svg",
    "icon": "/pubky-favicon.svg",
    "shortcut": "/pubky-favicon.svg",
  },
  "keywords": "pubky, social media, decentralized, key, pkarr, pubky core",
  "openGraph": {
    "description": "More special: ©®™€£¥",
    "images": [
      {
        "alt": "Special chars: <>&\\"'",
        "height": 630,
        "url": "/preview.png",
        "width": 1200,
      },
    ],
    "locale": "en_US",
    "siteName": "Pubky App",
    "title": "Special chars: <>&\\"'",
    "type": "website",
    "url": "https://pubky.app",
  },
  "robots": {
    "follow": true,
    "index": true,
  },
  "title": "Special chars: <>&\\"'",
  "twitter": {
    "card": "summary_large_image",
    "creator": "@getpubky",
    "description": "More special: ©®™€£¥",
    "images": [
      "/preview.png",
    ],
    "site": "https://pubky.app",
    "title": "Special chars: <>&\\"'",
  },
}
`;
