// Vitest Snapshot v1, https://vitest.dev/guide/snapshot.html

exports[`DialogDeleteAccount - Snapshots > matches snapshot for default DialogDeleteAccount 1`] = `
<div
  data-on-open-change="true"
  data-open="true"
  data-testid="dialog"
>
  <div
    class="max-w-md sm:max-w-lg"
    data-hidden-title="Delete Account"
    data-testid="dialog-content"
  >
    <h2
      class="sr-only"
      data-testid="dialog-hidden-title"
    >
      Delete Account
    </h2>
    <div
      data-testid="dialog-header"
    >
      <h2
        data-testid="dialog-title"
      >
        Delete Account
      </h2>
      <p
        data-testid="dialog-description"
      >
        Are you sure? Your account information cannot be recovered.
      </p>
    </div>
    <div
      data-testid="dialog-footer"
    >
      <button
        class="w-full sm:flex-1 sm:w-0 text-foreground"
        data-size="dialog"
        data-testid="button-dialog"
        data-variant="dialog"
      >
        Cancel
      </button>
      <button
        class="w-full sm:flex-1 sm:w-0"
        data-size="dialog"
        data-testid="button-destructive"
        data-variant="destructive"
      >
        <svg
          aria-hidden="true"
          class="lucide lucide-trash2 lucide-trash-2 h-4 w-4"
          fill="none"
          height="24"
          stroke="currentColor"
          stroke-linecap="round"
          stroke-linejoin="round"
          stroke-width="2"
          viewBox="0 0 24 24"
          width="24"
          xmlns="http://www.w3.org/2000/svg"
        >
          <path
            d="M3 6h18"
          />
          <path
            d="M19 6v14c0 1-1 2-2 2H7c-1 0-2-1-2-2V6"
          />
          <path
            d="M8 6V4c0-1 1-2 2-2h4c1 0 2 1 2 2v2"
          />
          <line
            x1="10"
            x2="10"
            y1="11"
            y2="17"
          />
          <line
            x1="14"
            x2="14"
            y1="11"
            y2="17"
          />
        </svg>
        Delete Account
      </button>
    </div>
  </div>
</div>
`;

exports[`DialogDeleteAccount - Snapshots > matches snapshot when closed 1`] = `
<div
  data-on-open-change="true"
  data-open="false"
  data-testid="dialog"
>
  <div
    class="max-w-md sm:max-w-lg"
    data-hidden-title="Delete Account"
    data-testid="dialog-content"
  >
    <h2
      class="sr-only"
      data-testid="dialog-hidden-title"
    >
      Delete Account
    </h2>
    <div
      data-testid="dialog-header"
    >
      <h2
        data-testid="dialog-title"
      >
        Delete Account
      </h2>
      <p
        data-testid="dialog-description"
      >
        Are you sure? Your account information cannot be recovered.
      </p>
    </div>
    <div
      data-testid="dialog-footer"
    >
      <button
        class="w-full sm:flex-1 sm:w-0 text-foreground"
        data-size="dialog"
        data-testid="button-dialog"
        data-variant="dialog"
      >
        Cancel
      </button>
      <button
        class="w-full sm:flex-1 sm:w-0"
        data-size="dialog"
        data-testid="button-destructive"
        data-variant="destructive"
      >
        <svg
          aria-hidden="true"
          class="lucide lucide-trash2 lucide-trash-2 h-4 w-4"
          fill="none"
          height="24"
          stroke="currentColor"
          stroke-linecap="round"
          stroke-linejoin="round"
          stroke-width="2"
          viewBox="0 0 24 24"
          width="24"
          xmlns="http://www.w3.org/2000/svg"
        >
          <path
            d="M3 6h18"
          />
          <path
            d="M19 6v14c0 1-1 2-2 2H7c-1 0-2-1-2-2V6"
          />
          <path
            d="M8 6V4c0-1 1-2 2-2h4c1 0 2 1 2 2v2"
          />
          <line
            x1="10"
            x2="10"
            y1="11"
            y2="17"
          />
          <line
            x1="14"
            x2="14"
            y1="11"
            y2="17"
          />
        </svg>
        Delete Account
      </button>
    </div>
  </div>
</div>
`;
