// Vitest Snapshot v1, https://vitest.dev/guide/snapshot.html

exports[`DialogBackupPhrase - Snapshots > matches snapshot for default DialogBackupPhrase 1`] = `
<div
  data-testid="dialog"
>
  <div
    data-as-child="true"
    data-testid="dialog-trigger"
  >
    <button
      class="gap-2"
      data-testid="button-default"
    >
      <span>
        Continue
      </span>
    </button>
  </div>
  <div
    class="max-w-sm md:max-w-2xl"
    data-hidden-title="Backup recovery phrase"
    data-testid="dialog-content"
  >
    <h2
      class="sr-only"
      data-testid="dialog-hidden-title"
    >
      Backup recovery phrase
    </h2>
    <div
      data-testid="dialog-header"
    >
      <h2
        data-testid="dialog-title"
      >
        Backup recovery phrase
      </h2>
      <p
        data-testid="dialog-description"
      >
        Use the recovery phrase below to recover your account at a later date. Write down these 12 words in the correct order and store them in a safe place.
         
        <span
          class="text-brand font-bold"
        >
          Never share this recovery phrase with anyone.
        </span>
      </p>
    </div>
    <div
      class="blur-xs"
      data-testid="container"
    >
      <div
        class="grid-cols-2 md:grid-cols-3 gap-3"
        data-testid="container"
      >
        <div
          class="items-center gap-3 rounded-md bg-secondary p-4 flex-row"
          data-testid="container"
        >
          <span
            class="h-5 min-w-[20px] rounded-full px-1 font-semibold"
            data-testid="badge"
            data-variant="outline"
          >
            1
          </span>
          <span
            class="text-base font-medium"
          >
            tube
          </span>
        </div>
        <div
          class="items-center gap-3 rounded-md bg-secondary p-4 flex-row"
          data-testid="container"
        >
          <span
            class="h-5 min-w-[20px] rounded-full px-1 font-semibold"
            data-testid="badge"
            data-variant="outline"
          >
            2
          </span>
          <span
            class="text-base font-medium"
          >
            tube
          </span>
        </div>
        <div
          class="items-center gap-3 rounded-md bg-secondary p-4 flex-row"
          data-testid="container"
        >
          <span
            class="h-5 min-w-[20px] rounded-full px-1 font-semibold"
            data-testid="badge"
            data-variant="outline"
          >
            3
          </span>
          <span
            class="text-base font-medium"
          >
            resource
          </span>
        </div>
        <div
          class="items-center gap-3 rounded-md bg-secondary p-4 flex-row"
          data-testid="container"
        >
          <span
            class="h-5 min-w-[20px] rounded-full px-1 font-semibold"
            data-testid="badge"
            data-variant="outline"
          >
            4
          </span>
          <span
            class="text-base font-medium"
          >
            mass
          </span>
        </div>
        <div
          class="items-center gap-3 rounded-md bg-secondary p-4 flex-row"
          data-testid="container"
        >
          <span
            class="h-5 min-w-[20px] rounded-full px-1 font-semibold"
            data-testid="badge"
            data-variant="outline"
          >
            5
          </span>
          <span
            class="text-base font-medium"
          >
            door
          </span>
        </div>
        <div
          class="items-center gap-3 rounded-md bg-secondary p-4 flex-row"
          data-testid="container"
        >
          <span
            class="h-5 min-w-[20px] rounded-full px-1 font-semibold"
            data-testid="badge"
            data-variant="outline"
          >
            6
          </span>
          <span
            class="text-base font-medium"
          >
            firm
          </span>
        </div>
        <div
          class="items-center gap-3 rounded-md bg-secondary p-4 flex-row"
          data-testid="container"
        >
          <span
            class="h-5 min-w-[20px] rounded-full px-1 font-semibold"
            data-testid="badge"
            data-variant="outline"
          >
            7
          </span>
          <span
            class="text-base font-medium"
          >
            genius
          </span>
        </div>
        <div
          class="items-center gap-3 rounded-md bg-secondary p-4 flex-row"
          data-testid="container"
        >
          <span
            class="h-5 min-w-[20px] rounded-full px-1 font-semibold"
            data-testid="badge"
            data-variant="outline"
          >
            8
          </span>
          <span
            class="text-base font-medium"
          >
            parrot
          </span>
        </div>
        <div
          class="items-center gap-3 rounded-md bg-secondary p-4 flex-row"
          data-testid="container"
        >
          <span
            class="h-5 min-w-[20px] rounded-full px-1 font-semibold"
            data-testid="badge"
            data-variant="outline"
          >
            9
          </span>
          <span
            class="text-base font-medium"
          >
            girl
          </span>
        </div>
        <div
          class="items-center gap-3 rounded-md bg-secondary p-4 flex-row"
          data-testid="container"
        >
          <span
            class="h-5 min-w-[20px] rounded-full px-1 font-semibold"
            data-testid="badge"
            data-variant="outline"
          >
            10
          </span>
          <span
            class="text-base font-medium"
          >
            orphan
          </span>
        </div>
        <div
          class="items-center gap-3 rounded-md bg-secondary p-4 flex-row"
          data-testid="container"
        >
          <span
            class="h-5 min-w-[20px] rounded-full px-1 font-semibold"
            data-testid="badge"
            data-variant="outline"
          >
            11
          </span>
          <span
            class="text-base font-medium"
          >
            window
          </span>
        </div>
        <div
          class="items-center gap-3 rounded-md bg-secondary p-4 flex-row"
          data-testid="container"
        >
          <span
            class="h-5 min-w-[20px] rounded-full px-1 font-semibold"
            data-testid="badge"
            data-variant="outline"
          >
            12
          </span>
          <span
            class="text-base font-medium"
          >
            world
          </span>
        </div>
      </div>
    </div>
    <div
      class="gap-4 sm:gap-3 md:flex-row justify-between"
      data-testid="container"
    >
      <div
        data-as-child="true"
        data-testid="dialog-close"
      >
        <button
          data-size="lg"
          data-testid="button-outline"
        >
          Cancel
        </button>
      </div>
      <button
        data-size="lg"
        data-testid="button-default"
      >
        <svg
          aria-hidden="true"
          class="lucide lucide-eye h-4 w-4"
          fill="none"
          height="24"
          stroke="currentColor"
          stroke-linecap="round"
          stroke-linejoin="round"
          stroke-width="2"
          viewBox="0 0 24 24"
          width="24"
          xmlns="http://www.w3.org/2000/svg"
        >
          <path
            d="M2.062 12.348a1 1 0 0 1 0-.696 10.75 10.75 0 0 1 19.876 0 1 1 0 0 1 0 .696 10.75 10.75 0 0 1-19.876 0"
          />
          <circle
            cx="12"
            cy="12"
            r="3"
          />
        </svg>
        Reveal recovery phrase
      </button>
    </div>
  </div>
</div>
`;
