// Vitest Snapshot v1, https://vitest.dev/guide/snapshot.html

exports[`PostTagInput - Snapshots > matches snapshot with emoji picker 1`] = `
<div
  class="relative flex h-8 items-center rounded-lg px-3 border border-dashed border-input focus-within:border-white/80"
>
  <input
    aria-label="Add new tag"
    class="file:text-foreground selection:bg-primary selection:text-primary-foreground border-input flex w-full min-w-0 rounded-md border transition-[color,box-shadow] file:inline-flex file:h-7 file:border-0 file:bg-transparent file:text-sm file:font-medium disabled:pointer-events-none disabled:cursor-not-allowed disabled:opacity-50 md:text-sm aria-invalid:ring-destructive/40 aria-invalid:border-destructive hover:ring-0 flex-1 bg-transparent text-sm font-bold leading-5 outline-none caret-white border-none shadow-none ring-0 focus:ring-0 focus:outline-none focus:ring-offset-0 hover:outline-none p-0 h-6 pr-6 placeholder:text-input placeholder:font-bold text-input"
    data-testid="input"
    placeholder="add tag"
    type="text"
    value=""
  />
  <div
    class="pointer-events-auto absolute right-1 top-1/2 -translate-y-1/2"
  >
    <button
      aria-label="Open emoji picker"
      class="inline-flex items-center justify-center gap-2 whitespace-nowrap text-sm transition-all disabled:pointer-events-none disabled:opacity-50 [&_svg]:pointer-events-none [&_svg:not([class*=\\"size-\\"])]:size-4 shrink-0 [&_svg]:shrink-0 outline-none focus-visible:border-ring focus-visible:ring-ring/50 focus-visible:ring-[3px] aria-invalid:ring-destructive/40 aria-invalid:border-destructive font-semibold cursor-pointer rounded-full border shadow-xs bg-secondary text-secondary-foreground hover:bg-secondary/80 size-5 border-none p-1"
      data-size="icon"
      data-slot="button"
      data-variant="secondary"
      style="box-shadow: 0px 1px 2px 0px rgba(5, 5, 10, 0.2);"
    >
      <div
        class="size-3"
        data-stroke-width="2"
        data-testid="smile-icon"
      >
        Smile
      </div>
    </button>
  </div>
</div>
`;

exports[`PostTagInput - Snapshots > matches snapshot with emoji picker and value 1`] = `
<div
  class="relative flex h-8 items-center rounded-lg px-3 border border-dashed border-input focus-within:border-white/80"
>
  <input
    aria-label="Add new tag"
    class="file:text-foreground selection:bg-primary selection:text-primary-foreground border-input flex w-full min-w-0 rounded-md border transition-[color,box-shadow] file:inline-flex file:h-7 file:border-0 file:bg-transparent file:text-sm file:font-medium disabled:pointer-events-none disabled:cursor-not-allowed disabled:opacity-50 md:text-sm aria-invalid:ring-destructive/40 aria-invalid:border-destructive hover:ring-0 flex-1 bg-transparent text-sm font-bold leading-5 outline-none caret-white border-none shadow-none ring-0 focus:ring-0 focus:outline-none focus:ring-offset-0 hover:outline-none p-0 h-6 pr-6 placeholder:text-input placeholder:font-bold text-secondary-foreground"
    data-testid="input"
    placeholder="add tag"
    type="text"
    value="bitcoin"
  />
  <div
    class="pointer-events-auto absolute right-1 top-1/2 -translate-y-1/2"
  >
    <button
      aria-label="Open emoji picker"
      class="inline-flex items-center justify-center gap-2 whitespace-nowrap text-sm transition-all disabled:pointer-events-none disabled:opacity-50 [&_svg]:pointer-events-none [&_svg:not([class*=\\"size-\\"])]:size-4 shrink-0 [&_svg]:shrink-0 outline-none focus-visible:border-ring focus-visible:ring-ring/50 focus-visible:ring-[3px] aria-invalid:ring-destructive/40 aria-invalid:border-destructive font-semibold cursor-pointer rounded-full border shadow-xs bg-secondary text-secondary-foreground hover:bg-secondary/80 size-5 border-none p-1"
      data-size="icon"
      data-slot="button"
      data-variant="secondary"
      style="box-shadow: 0px 1px 2px 0px rgba(5, 5, 10, 0.2);"
    >
      <div
        class="size-3"
        data-stroke-width="2"
        data-testid="smile-icon"
      >
        Smile
      </div>
    </button>
  </div>
</div>
`;

exports[`PostTagInput - Snapshots > matches snapshot with empty state 1`] = `
<div
  class="relative flex h-8 items-center rounded-lg px-3 border border-dashed border-input focus-within:border-white/80"
>
  <input
    aria-label="Add new tag"
    class="file:text-foreground selection:bg-primary selection:text-primary-foreground border-input flex w-full min-w-0 rounded-md border transition-[color,box-shadow] file:inline-flex file:h-7 file:border-0 file:bg-transparent file:text-sm file:font-medium disabled:pointer-events-none disabled:cursor-not-allowed disabled:opacity-50 md:text-sm aria-invalid:ring-destructive/40 aria-invalid:border-destructive hover:ring-0 flex-1 bg-transparent text-sm font-bold leading-5 outline-none caret-white border-none shadow-none ring-0 focus:ring-0 focus:outline-none focus:ring-offset-0 hover:outline-none p-0 h-6 placeholder:text-input placeholder:font-bold text-input"
    data-testid="input"
    placeholder="add tag"
    type="text"
    value=""
  />
</div>
`;

exports[`PostTagInput - Snapshots > matches snapshot with filled state 1`] = `
<div
  class="relative flex h-8 items-center rounded-lg px-3 border border-dashed border-input focus-within:border-white/80"
>
  <input
    aria-label="Add new tag"
    class="file:text-foreground selection:bg-primary selection:text-primary-foreground border-input flex w-full min-w-0 rounded-md border transition-[color,box-shadow] file:inline-flex file:h-7 file:border-0 file:bg-transparent file:text-sm file:font-medium disabled:pointer-events-none disabled:cursor-not-allowed disabled:opacity-50 md:text-sm aria-invalid:ring-destructive/40 aria-invalid:border-destructive hover:ring-0 flex-1 bg-transparent text-sm font-bold leading-5 outline-none caret-white border-none shadow-none ring-0 focus:ring-0 focus:outline-none focus:ring-offset-0 hover:outline-none p-0 h-6 placeholder:text-input placeholder:font-bold text-secondary-foreground"
    data-testid="input"
    placeholder="add tag"
    type="text"
    value="bitcoin"
  />
</div>
`;
