// Vitest Snapshot v1, https://vitest.dev/guide/snapshot.html

exports[`PostContent > matches snapshot 1`] = `
<div
  class="flex flex-col gap-3 rounded-2xl"
>
  <p
    class="text-base leading-6 font-medium text-secondary-foreground"
  >
    I have said it before: If you don’t believe me or don’t get it, I don’t have time to try to convince you.
  </p>
</div>
`;
