// Vitest Snapshot v1, https://vitest.dev/guide/snapshot.html

exports[`PopoverInvite - Snapshots > matches snapshot for PopoverInvite with custom className 1`] = `
<button
  aria-controls="radix-«r0»"
  aria-expanded="false"
  aria-haspopup="dialog"
  class="inline-flex items-center justify-center gap-2 whitespace-nowrap text-sm transition-all disabled:pointer-events-none disabled:opacity-50 [&_svg]:pointer-events-none [&_svg:not([class*=\\"size-\\"])]:size-4 shrink-0 [&_svg]:shrink-0 outline-none focus-visible:border-ring focus-visible:ring-ring/50 focus-visible:ring-[3px] aria-invalid:ring-destructive/20 dark:aria-invalid:ring-destructive/40 aria-invalid:border-destructive font-semibold cursor-pointer rounded-full border shadow-xs hover:bg-accent hover:text-accent-foreground dark:hover:bg-accent/50 border-none size-9 custom-invite-style"
  data-as-child="true"
  data-size="icon"
  data-slot="popover-trigger"
  data-state="closed"
  data-testid="popover-trigger"
  data-variant="ghost"
  type="button"
>
  <svg
    aria-hidden="true"
    class="lucide lucide-gift h-4 w-4 text-brand"
    fill="none"
    height="24"
    stroke="currentColor"
    stroke-linecap="round"
    stroke-linejoin="round"
    stroke-width="2"
    viewBox="0 0 24 24"
    width="24"
    xmlns="http://www.w3.org/2000/svg"
  >
    <rect
      height="4"
      rx="1"
      width="18"
      x="3"
      y="8"
    />
    <path
      d="M12 8v13"
    />
    <path
      d="M19 12v7a2 2 0 0 1-2 2H7a2 2 0 0 1-2-2v-7"
    />
    <path
      d="M7.5 8a2.5 2.5 0 0 1 0-5A4.8 8 0 0 1 12 8a4.8 8 0 0 1 4.5-5 2.5 2.5 0 0 1 0 5"
    />
  </svg>
</button>
`;

exports[`PopoverInvite - Snapshots > matches snapshot for default PopoverInvite 1`] = `
<button
  aria-controls="radix-«r0»"
  aria-expanded="false"
  aria-haspopup="dialog"
  class="inline-flex items-center justify-center gap-2 whitespace-nowrap text-sm transition-all disabled:pointer-events-none disabled:opacity-50 [&_svg]:pointer-events-none [&_svg:not([class*=\\"size-\\"])]:size-4 shrink-0 [&_svg]:shrink-0 outline-none focus-visible:border-ring focus-visible:ring-ring/50 focus-visible:ring-[3px] aria-invalid:ring-destructive/20 dark:aria-invalid:ring-destructive/40 aria-invalid:border-destructive font-semibold cursor-pointer rounded-full border shadow-xs hover:text-accent-foreground dark:hover:bg-accent/50 border-none size-9 hover:bg-brand/10"
  data-as-child="true"
  data-size="icon"
  data-slot="popover-trigger"
  data-state="closed"
  data-testid="popover-trigger"
  data-variant="ghost"
  type="button"
>
  <svg
    aria-hidden="true"
    class="lucide lucide-gift h-4 w-4 text-brand"
    fill="none"
    height="24"
    stroke="currentColor"
    stroke-linecap="round"
    stroke-linejoin="round"
    stroke-width="2"
    viewBox="0 0 24 24"
    width="24"
    xmlns="http://www.w3.org/2000/svg"
  >
    <rect
      height="4"
      rx="1"
      width="18"
      x="3"
      y="8"
    />
    <path
      d="M12 8v13"
    />
    <path
      d="M19 12v7a2 2 0 0 1-2 2H7a2 2 0 0 1-2-2v-7"
    />
    <path
      d="M7.5 8a2.5 2.5 0 0 1 0-5A4.8 8 0 0 1 12 8a4.8 8 0 0 1 4.5-5 2.5 2.5 0 0 1 0 5"
    />
  </svg>
</button>
`;
