// Vitest Snapshot v1, https://vitest.dev/guide/snapshot.html

exports[`DialogCropImage > matches snapshot with image loaded 1`] = `
<div
  data-testid="dialog"
>
  <div
    class="bg-popover border-border p-8 sm:p-6 max-w-xl gap-6 rounded-2xl"
    data-testid="dialog-content"
  >
    <div
      class="gap-1"
      data-testid="dialog-header"
    >
      <h2
        class="text-2xl sm:text-xl"
        data-testid="dialog-title"
      >
        Cropped Image
      </h2>
      <p
        data-testid="dialog-description"
      >
        Adjust the selection to create the perfect square avatar.
      </p>
    </div>
    <div
      class="flex flex-col gap-4"
    >
      <div
        class="relative mx-auto aspect-square w-full max-w-sm overflow-hidden rounded-2xl bg-black/60"
      >
        <div
          data-testid="cropper"
        />
        <button
          class="absolute bottom-4 left-4 rounded-full bg-black/50 px-4 text-white hover:bg-black/70"
          data-testid="button"
          type="button"
        >
          ‚Üê Back
        </button>
      </div>
      <div
        class="flex items-center gap-4"
      >
        <span
          class="text-xs font-medium uppercase tracking-wide text-muted-foreground"
          id="zoom-label"
        >
          Zoom
        </span>
        <input
          aria-labelledby="zoom-label"
          class="w-full accent-brand"
          max="3"
          min="1"
          step="0.01"
          type="range"
          value="1"
        />
      </div>
    </div>
    <div
      class="gap-4"
      data-testid="dialog-footer"
    >
      <button
        class="flex-1 rounded-full"
        data-testid="button"
        type="button"
      >
        Cancel
      </button>
      <button
        class="flex-1 rounded-full"
        data-testid="button"
        type="button"
      >
        Done
      </button>
    </div>
  </div>
</div>
`;
