// Vitest Snapshot v1, https://vitest.dev/guide/snapshot.html

exports[`DialogExport - Snapshots > matches snapshot for default DialogExport 1`] = `
<div
  data-testid="dialog"
>
  <div
    data-as-child="true"
    data-testid="dialog-trigger"
  >
    <button
      class="gap-2"
      data-testid="button"
    >
      <div
        class="h-4 w-4"
        data-testid="scan-icon"
      >
        Scan
      </div>
      <span>
        Export to Pubky Ring
      </span>
    </button>
  </div>
  <div
    class="p-8 rounded-xl flex flex-col w-[430px]"
    data-testid="dialog-content"
  >
    <div
      class="space-y-1.5 pr-6"
      data-testid="dialog-header"
    >
      <h2
        class="text-2xl font-bold leading-8"
        data-testid="dialog-title"
      >
        Pubky Ring export
      </h2>
      <p
        class="text-sm font-medium leading-5"
        data-testid="dialog-description"
      >
        1. Open Pubky Ring, tap 'Add pubky' 
        <br />
        2. Choose the 'Import pubky' option
        <br />
        3. Scan this QR to import
      </p>
    </div>
    <div
      class="justify-between items-center mt-6"
      data-testid="container"
    >
      <div
        class="flex-row gap-6"
        data-testid="container"
      >
        <div
          class="w-[250px]"
          data-testid="container"
        >
          <img
            alt="App preview"
            data-testid="next-image"
            height="430"
            src="/images/pubky-ring-phone.png"
            width="250"
          />
        </div>
        <div
          class="gap-8 w-full mt-4"
          data-testid="container"
        >
          <div
            class="mx-0 bg-foreground rounded-lg p-4 w-[192px] h-[192px] items-center"
            data-testid="container"
          >
            <div
              data-size="192"
              data-testid="qr-code"
              data-value="https://pubky.org"
            >
              QR Code
            </div>
          </div>
          <div
            class="gap-4"
            data-testid="container"
          >
            <a
              data-testid="link"
              href="https://apps.apple.com/app/pubky-ring/id6739356756"
              target="_blank"
            >
              <img
                alt="App Store"
                data-testid="next-image"
                height="40"
                src="/images/badge-apple.png"
                width="120"
              />
            </a>
            <a
              data-testid="link"
              href="https://play.google.com/store/apps/details?id=to.pubky.ring&pcampaignid=web_share"
              target="_blank"
            >
              <img
                alt="Google Play"
                data-testid="next-image"
                height="40"
                src="/images/badge-android.png"
                width="135"
              />
            </a>
          </div>
        </div>
      </div>
    </div>
  </div>
</div>
`;
