// Vitest Snapshot v1, https://vitest.dev/guide/snapshot.html

exports[`AlertBackup - Snapshot > matches snapshot for default AlertBackup 1`] = `
<div
  class="px-6 py-3 bg-brand rounded-lg flex-row items-center gap-3"
  data-testid="container"
>
  <div
    class="flex-row flex-1 gap-3 items-center"
    data-testid="container"
  >
    <svg
      aria-hidden="true"
      class="lucide lucide-triangle-alert h-4 w-4 font-bold text-primary-foreground"
      fill="none"
      height="24"
      stroke="currentColor"
      stroke-linecap="round"
      stroke-linejoin="round"
      stroke-width="2"
      viewBox="0 0 24 24"
      width="24"
      xmlns="http://www.w3.org/2000/svg"
    >
      <path
        d="m21.73 18-8-14a2 2 0 0 0-3.48 0l-8 14A2 2 0 0 0 4 21h16a2 2 0 0 0 1.73-3"
      />
      <path
        d="M12 9v4"
      />
      <path
        d="M12 17h.01"
      />
    </svg>
    <p
      class="font-bold text-primary-foreground whitespace-nowrap"
      data-size="sm"
      data-testid="typography"
    >
      Back up now
      <span
        class="hidden md:inline"
      >
         to avoid losing your account!
      </span>
    </p>
  </div>
  <div
    data-testid="dialog-backup"
  >
    DialogBackup
  </div>
  <div
    data-testid="dialog-confirm-backup"
  >
    DialogConfirmBackup
  </div>
</div>
`;
