// Vitest Snapshot v1, https://vitest.dev/guide/snapshot.html

exports[`AlertBackup > matches snapshot for default AlertBackup 1`] = `
<div
  class="px-6 py-3 bg-brand rounded-lg flex-row items-center gap-3"
  data-testid="container"
>
  <div
    class="flex-row flex-1 gap-3 items-center"
    data-testid="container"
  >
    <div
      class="h-4 w-4 font-bold text-primary-foreground"
      data-testid="triangle-alert"
    >
      TriangleAlert
    </div>
    <p
      class="font-bold text-primary-foreground whitespace-nowrap"
      data-size="sm"
      data-testid="typography"
    >
      Back up now
      <span
        class="hidden md:inline"
      >
        to avoid losing your account!
      </span>
    </p>
  </div>
  <div
    data-testid="dialog-backup"
  >
    DialogBackup
  </div>
  <div
    data-testid="dialog-confirm-backup"
  >
    DialogConfirmBackup
  </div>
</div>
`;

exports[`AlertBackup > matches snapshot for warning icon 1`] = `
<div
  class="px-6 py-3 bg-brand rounded-lg flex-row items-center gap-3"
  data-testid="container"
>
  <div
    class="flex-row flex-1 gap-3 items-center"
    data-testid="container"
  >
    <div
      class="h-4 w-4 font-bold text-primary-foreground"
      data-testid="triangle-alert"
    >
      TriangleAlert
    </div>
    <p
      class="font-bold text-primary-foreground whitespace-nowrap"
      data-size="sm"
      data-testid="typography"
    >
      Back up now
      <span
        class="hidden md:inline"
      >
        to avoid losing your account!
      </span>
    </p>
  </div>
  <div
    data-testid="dialog-backup"
  >
    DialogBackup
  </div>
  <div
    data-testid="dialog-confirm-backup"
  >
    DialogConfirmBackup
  </div>
</div>
`;

exports[`AlertBackup > matches snapshot for warning message 1`] = `
<div
  class="px-6 py-3 bg-brand rounded-lg flex-row items-center gap-3"
  data-testid="container"
>
  <div
    class="flex-row flex-1 gap-3 items-center"
    data-testid="container"
  >
    <div
      class="h-4 w-4 font-bold text-primary-foreground"
      data-testid="triangle-alert"
    >
      TriangleAlert
    </div>
    <p
      class="font-bold text-primary-foreground whitespace-nowrap"
      data-size="sm"
      data-testid="typography"
    >
      Back up now
      <span
        class="hidden md:inline"
      >
        to avoid losing your account!
      </span>
    </p>
  </div>
  <div
    data-testid="dialog-backup"
  >
    DialogBackup
  </div>
  <div
    data-testid="dialog-confirm-backup"
  >
    DialogConfirmBackup
  </div>
</div>
`;
