// Vitest Snapshot v1, https://vitest.dev/guide/snapshot.html

exports[`Button - Snapshots > matches snapshot for asChild prop 1`] = `
<a
  class="inline-flex items-center justify-center whitespace-nowrap text-sm transition-all disabled:pointer-events-none disabled:opacity-50 [&_svg]:pointer-events-none [&_svg:not([class*=\\"size-\\"])]:size-4 shrink-0 [&_svg]:shrink-0 outline-none focus-visible:border-ring focus-visible:ring-ring/50 focus-visible:ring-[3px] aria-invalid:ring-destructive/40 aria-invalid:border-destructive font-semibold cursor-pointer rounded-full border shadow-xs bg-brand/16 text-brand hover:!bg-brand/30 border-brand h-10 gap-1 px-4 py-2 has-[>svg]:px-4"
  data-slot="button"
  href="/test"
>
  Link Button
</a>
`;

exports[`Button - Snapshots > matches snapshot for brand variant 1`] = `
<button
  class="inline-flex items-center justify-center whitespace-nowrap text-sm transition-all disabled:pointer-events-none disabled:opacity-50 [&_svg]:pointer-events-none [&_svg:not([class*=\\"size-\\"])]:size-4 shrink-0 [&_svg]:shrink-0 outline-none focus-visible:border-ring focus-visible:ring-ring/50 focus-visible:ring-[3px] aria-invalid:ring-destructive/40 aria-invalid:border-destructive font-semibold cursor-pointer rounded-full border shadow-xs bg-brand text-background border-brand hover:bg-brand/90 h-10 gap-1 px-4 py-2 has-[>svg]:px-4"
  data-slot="button"
  data-variant="brand"
>
  Brand
</button>
`;

exports[`Button - Snapshots > matches snapshot for default size 1`] = `
<button
  class="inline-flex items-center justify-center whitespace-nowrap text-sm transition-all disabled:pointer-events-none disabled:opacity-50 [&_svg]:pointer-events-none [&_svg:not([class*=\\"size-\\"])]:size-4 shrink-0 [&_svg]:shrink-0 outline-none focus-visible:border-ring focus-visible:ring-ring/50 focus-visible:ring-[3px] aria-invalid:ring-destructive/40 aria-invalid:border-destructive font-semibold cursor-pointer rounded-full border shadow-xs bg-brand/16 text-brand hover:!bg-brand/30 border-brand h-10 gap-1 px-4 py-2 has-[>svg]:px-4"
  data-slot="button"
>
  Default Size
</button>
`;

exports[`Button - Snapshots > matches snapshot for default variant 1`] = `
<button
  class="inline-flex items-center justify-center whitespace-nowrap text-sm transition-all disabled:pointer-events-none disabled:opacity-50 [&_svg]:pointer-events-none [&_svg:not([class*=\\"size-\\"])]:size-4 shrink-0 [&_svg]:shrink-0 outline-none focus-visible:border-ring focus-visible:ring-ring/50 focus-visible:ring-[3px] aria-invalid:ring-destructive/40 aria-invalid:border-destructive font-semibold cursor-pointer rounded-full border shadow-xs bg-brand/16 text-brand hover:!bg-brand/30 border-brand h-10 gap-1 px-4 py-2 has-[>svg]:px-4"
  data-slot="button"
>
  Default
</button>
`;

exports[`Button - Snapshots > matches snapshot for disabled state 1`] = `
<button
  class="inline-flex items-center justify-center whitespace-nowrap text-sm transition-all disabled:pointer-events-none disabled:opacity-50 [&_svg]:pointer-events-none [&_svg:not([class*=\\"size-\\"])]:size-4 shrink-0 [&_svg]:shrink-0 outline-none focus-visible:border-ring focus-visible:ring-ring/50 focus-visible:ring-[3px] aria-invalid:ring-destructive/40 aria-invalid:border-destructive font-semibold cursor-pointer rounded-full border shadow-xs bg-brand/16 text-brand hover:!bg-brand/30 border-brand h-10 gap-1 px-4 py-2 has-[>svg]:px-4"
  data-slot="button"
  disabled=""
>
  Disabled
</button>
`;

exports[`Button - Snapshots > matches snapshot for ghost variant 1`] = `
<button
  class="inline-flex items-center justify-center whitespace-nowrap text-sm transition-all disabled:pointer-events-none disabled:opacity-50 [&_svg]:pointer-events-none [&_svg:not([class*=\\"size-\\"])]:size-4 shrink-0 [&_svg]:shrink-0 outline-none focus-visible:border-ring focus-visible:ring-ring/50 focus-visible:ring-[3px] aria-invalid:ring-destructive/40 aria-invalid:border-destructive font-semibold cursor-pointer rounded-full border shadow-xs hover:text-accent-foreground hover:bg-accent/50 border-none h-10 gap-1 px-4 py-2 has-[>svg]:px-4"
  data-slot="button"
  data-variant="ghost"
>
  Ghost
</button>
`;

exports[`Button - Snapshots > matches snapshot for icon size 1`] = `
<button
  class="inline-flex items-center justify-center gap-2 whitespace-nowrap text-sm transition-all disabled:pointer-events-none disabled:opacity-50 [&_svg]:pointer-events-none [&_svg:not([class*=\\"size-\\"])]:size-4 shrink-0 [&_svg]:shrink-0 outline-none focus-visible:border-ring focus-visible:ring-ring/50 focus-visible:ring-[3px] aria-invalid:ring-destructive/40 aria-invalid:border-destructive font-semibold cursor-pointer rounded-full border shadow-xs bg-brand/16 text-brand hover:!bg-brand/30 border-brand size-9"
  data-size="icon"
  data-slot="button"
>
  üîç
</button>
`;

exports[`Button - Snapshots > matches snapshot for large size 1`] = `
<button
  class="inline-flex items-center justify-center whitespace-nowrap transition-all disabled:pointer-events-none disabled:opacity-50 [&_svg]:pointer-events-none [&_svg:not([class*=\\"size-\\"])]:size-4 shrink-0 [&_svg]:shrink-0 outline-none focus-visible:border-ring focus-visible:ring-ring/50 focus-visible:ring-[3px] aria-invalid:ring-destructive/40 aria-invalid:border-destructive cursor-pointer rounded-full border shadow-xs bg-brand/16 text-brand hover:!bg-brand/30 border-brand h-auto gap-2 px-2.5 py-4 sm:px-8 sm:py-5 text-sm font-bold leading-normal sm:flex-1"
  data-size="lg"
  data-slot="button"
>
  Large
</button>
`;

exports[`Button - Snapshots > matches snapshot for outline variant 1`] = `
<button
  class="inline-flex items-center justify-center whitespace-nowrap text-sm transition-all disabled:pointer-events-none disabled:opacity-50 [&_svg]:pointer-events-none [&_svg:not([class*=\\"size-\\"])]:size-4 shrink-0 [&_svg]:shrink-0 outline-none focus-visible:border-ring focus-visible:ring-ring/50 focus-visible:ring-[3px] aria-invalid:ring-destructive/40 aria-invalid:border-destructive font-semibold cursor-pointer rounded-full border shadow-xs hover:text-accent-foreground bg-input/30 border-input hover:bg-input/50 h-10 gap-1 px-4 py-2 has-[>svg]:px-4"
  data-slot="button"
  data-variant="outline"
>
  Outline
</button>
`;

exports[`Button - Snapshots > matches snapshot for secondary variant 1`] = `
<button
  class="inline-flex items-center justify-center whitespace-nowrap text-sm transition-all disabled:pointer-events-none disabled:opacity-50 [&_svg]:pointer-events-none [&_svg:not([class*=\\"size-\\"])]:size-4 shrink-0 [&_svg]:shrink-0 outline-none focus-visible:border-ring focus-visible:ring-ring/50 focus-visible:ring-[3px] aria-invalid:ring-destructive/40 aria-invalid:border-destructive font-semibold cursor-pointer rounded-full border shadow-xs bg-secondary text-secondary-foreground hover:bg-secondary/80 h-10 gap-1 px-4 py-2 has-[>svg]:px-4"
  data-slot="button"
  data-variant="secondary"
>
  Secondary
</button>
`;

exports[`Button - Snapshots > matches snapshot for small size 1`] = `
<button
  class="inline-flex items-center justify-center whitespace-nowrap text-sm transition-all disabled:pointer-events-none disabled:opacity-50 [&_svg]:pointer-events-none [&_svg:not([class*=\\"size-\\"])]:size-4 shrink-0 [&_svg]:shrink-0 outline-none focus-visible:border-ring focus-visible:ring-ring/50 focus-visible:ring-[3px] aria-invalid:ring-destructive/40 aria-invalid:border-destructive font-semibold cursor-pointer rounded-full border shadow-xs bg-brand/16 text-brand hover:!bg-brand/30 border-brand h-8 gap-1.5 px-3 has-[>svg]:px-2.5"
  data-size="sm"
  data-slot="button"
>
  Small
</button>
`;

exports[`Button - Snapshots > matches snapshot with custom className 1`] = `
<button
  class="inline-flex items-center justify-center whitespace-nowrap text-sm transition-all disabled:pointer-events-none disabled:opacity-50 [&_svg]:pointer-events-none [&_svg:not([class*=\\"size-\\"])]:size-4 shrink-0 [&_svg]:shrink-0 outline-none focus-visible:border-ring focus-visible:ring-ring/50 focus-visible:ring-[3px] aria-invalid:ring-destructive/40 aria-invalid:border-destructive font-semibold cursor-pointer rounded-full border shadow-xs bg-brand/16 text-brand hover:!bg-brand/30 border-brand h-10 gap-1 px-4 py-2 has-[>svg]:px-4 custom-class"
  data-slot="button"
>
  Custom
</button>
`;

exports[`Button - Snapshots > matches snapshot with default props 1`] = `
<button
  class="inline-flex items-center justify-center whitespace-nowrap text-sm transition-all disabled:pointer-events-none disabled:opacity-50 [&_svg]:pointer-events-none [&_svg:not([class*=\\"size-\\"])]:size-4 shrink-0 [&_svg]:shrink-0 outline-none focus-visible:border-ring focus-visible:ring-ring/50 focus-visible:ring-[3px] aria-invalid:ring-destructive/40 aria-invalid:border-destructive font-semibold cursor-pointer rounded-full border shadow-xs bg-brand/16 text-brand hover:!bg-brand/30 border-brand h-10 gap-1 px-4 py-2 has-[>svg]:px-4"
  data-slot="button"
>
  Default Button
</button>
`;
