// Vitest Snapshot v1, https://vitest.dev/guide/snapshot.html

exports[`ActionButtons - Snapshots > matches snapshot with both callbacks 1`] = `
<div
  class="mx-auto w-full flex-col flex gap-3 flex-row sm:items-center"
  data-testid="container"
>
  <button
    class="inline-flex items-center justify-center gap-2 whitespace-nowrap text-sm font-medium transition-all disabled:pointer-events-none disabled:opacity-50 [&_svg]:pointer-events-none [&_svg:not([class*=\\"size-\\"])]:size-4 shrink-0 [&_svg]:shrink-0 outline-none focus-visible:border-ring focus-visible:ring-ring/50 focus-visible:ring-[3px] aria-invalid:ring-destructive/20 dark:aria-invalid:ring-destructive/40 aria-invalid:border-destructive font-semibold cursor-pointer rounded-full border shadow-xs bg-secondary text-secondary-foreground hover:bg-secondary/80 h-10 gap-1 px-8 py-7 has-[>svg]:px-6 md:has-[>svg]:px-8 w-[158px] sm:w-auto"
    data-size="lg"
    data-slot="button"
    data-variant="secondary"
  >
    <div
      class="mr-2 h-4 w-4"
      data-testid="login-icon"
    >
      LogIn
    </div>
    Sign in
  </button>
  <button
    class="inline-flex items-center justify-center gap-2 whitespace-nowrap text-sm font-medium transition-all disabled:pointer-events-none disabled:opacity-50 [&_svg]:pointer-events-none [&_svg:not([class*=\\"size-\\"])]:size-4 shrink-0 [&_svg]:shrink-0 outline-none focus-visible:border-ring focus-visible:ring-ring/50 focus-visible:ring-[3px] aria-invalid:ring-destructive/20 dark:aria-invalid:ring-destructive/40 aria-invalid:border-destructive font-semibold cursor-pointer rounded-full border shadow-xs bg-brand/20 text-brand hover:!bg-brand/30 border-brand h-10 gap-1 px-8 py-7 has-[>svg]:px-6 md:has-[>svg]:px-8 w-[158px] sm:w-auto"
    data-size="lg"
    data-slot="button"
  >
    <div
      class="mr-2 h-4 w-4"
      data-testid="user-plus-icon"
    >
      UserRoundPlus
    </div>
    Create account
  </button>
</div>
`;

exports[`ActionButtons - Snapshots > matches snapshot with create account callback only 1`] = `
<div
  class="mx-auto w-full flex-col flex gap-3 flex-row sm:items-center"
  data-testid="container"
>
  <button
    class="inline-flex items-center justify-center gap-2 whitespace-nowrap text-sm font-medium transition-all disabled:pointer-events-none disabled:opacity-50 [&_svg]:pointer-events-none [&_svg:not([class*=\\"size-\\"])]:size-4 shrink-0 [&_svg]:shrink-0 outline-none focus-visible:border-ring focus-visible:ring-ring/50 focus-visible:ring-[3px] aria-invalid:ring-destructive/20 dark:aria-invalid:ring-destructive/40 aria-invalid:border-destructive font-semibold cursor-pointer rounded-full border shadow-xs bg-secondary text-secondary-foreground hover:bg-secondary/80 h-10 gap-1 px-8 py-7 has-[>svg]:px-6 md:has-[>svg]:px-8 w-[158px] sm:w-auto"
    data-size="lg"
    data-slot="button"
    data-variant="secondary"
  >
    <div
      class="mr-2 h-4 w-4"
      data-testid="login-icon"
    >
      LogIn
    </div>
    Sign in
  </button>
  <button
    class="inline-flex items-center justify-center gap-2 whitespace-nowrap text-sm font-medium transition-all disabled:pointer-events-none disabled:opacity-50 [&_svg]:pointer-events-none [&_svg:not([class*=\\"size-\\"])]:size-4 shrink-0 [&_svg]:shrink-0 outline-none focus-visible:border-ring focus-visible:ring-ring/50 focus-visible:ring-[3px] aria-invalid:ring-destructive/20 dark:aria-invalid:ring-destructive/40 aria-invalid:border-destructive font-semibold cursor-pointer rounded-full border shadow-xs bg-brand/20 text-brand hover:!bg-brand/30 border-brand h-10 gap-1 px-8 py-7 has-[>svg]:px-6 md:has-[>svg]:px-8 w-[158px] sm:w-auto"
    data-size="lg"
    data-slot="button"
  >
    <div
      class="mr-2 h-4 w-4"
      data-testid="user-plus-icon"
    >
      UserRoundPlus
    </div>
    Create account
  </button>
</div>
`;

exports[`ActionButtons - Snapshots > matches snapshot with custom className 1`] = `
<div
  class="mx-auto w-full flex-col flex gap-3 flex-row sm:items-center custom-action-buttons"
  data-testid="container"
>
  <button
    class="inline-flex items-center justify-center gap-2 whitespace-nowrap text-sm font-medium transition-all disabled:pointer-events-none disabled:opacity-50 [&_svg]:pointer-events-none [&_svg:not([class*=\\"size-\\"])]:size-4 shrink-0 [&_svg]:shrink-0 outline-none focus-visible:border-ring focus-visible:ring-ring/50 focus-visible:ring-[3px] aria-invalid:ring-destructive/20 dark:aria-invalid:ring-destructive/40 aria-invalid:border-destructive font-semibold cursor-pointer rounded-full border shadow-xs bg-secondary text-secondary-foreground hover:bg-secondary/80 h-10 gap-1 px-8 py-7 has-[>svg]:px-6 md:has-[>svg]:px-8 w-[158px] sm:w-auto"
    data-size="lg"
    data-slot="button"
    data-variant="secondary"
  >
    <div
      class="mr-2 h-4 w-4"
      data-testid="login-icon"
    >
      LogIn
    </div>
    Sign in
  </button>
  <button
    class="inline-flex items-center justify-center gap-2 whitespace-nowrap text-sm font-medium transition-all disabled:pointer-events-none disabled:opacity-50 [&_svg]:pointer-events-none [&_svg:not([class*=\\"size-\\"])]:size-4 shrink-0 [&_svg]:shrink-0 outline-none focus-visible:border-ring focus-visible:ring-ring/50 focus-visible:ring-[3px] aria-invalid:ring-destructive/20 dark:aria-invalid:ring-destructive/40 aria-invalid:border-destructive font-semibold cursor-pointer rounded-full border shadow-xs bg-brand/20 text-brand hover:!bg-brand/30 border-brand h-10 gap-1 px-8 py-7 has-[>svg]:px-6 md:has-[>svg]:px-8 w-[158px] sm:w-auto"
    data-size="lg"
    data-slot="button"
  >
    <div
      class="mr-2 h-4 w-4"
      data-testid="user-plus-icon"
    >
      UserRoundPlus
    </div>
    Create account
  </button>
</div>
`;

exports[`ActionButtons - Snapshots > matches snapshot with custom text 1`] = `
<div
  class="mx-auto w-full flex-col flex gap-3 flex-row sm:items-center"
  data-testid="container"
>
  <button
    class="inline-flex items-center justify-center gap-2 whitespace-nowrap text-sm font-medium transition-all disabled:pointer-events-none disabled:opacity-50 [&_svg]:pointer-events-none [&_svg:not([class*=\\"size-\\"])]:size-4 shrink-0 [&_svg]:shrink-0 outline-none focus-visible:border-ring focus-visible:ring-ring/50 focus-visible:ring-[3px] aria-invalid:ring-destructive/20 dark:aria-invalid:ring-destructive/40 aria-invalid:border-destructive font-semibold cursor-pointer rounded-full border shadow-xs bg-secondary text-secondary-foreground hover:bg-secondary/80 h-10 gap-1 px-8 py-7 has-[>svg]:px-6 md:has-[>svg]:px-8 w-[158px] sm:w-auto"
    data-size="lg"
    data-slot="button"
    data-variant="secondary"
  >
    <div
      class="mr-2 h-4 w-4"
      data-testid="login-icon"
    >
      LogIn
    </div>
    Log In
  </button>
  <button
    class="inline-flex items-center justify-center gap-2 whitespace-nowrap text-sm font-medium transition-all disabled:pointer-events-none disabled:opacity-50 [&_svg]:pointer-events-none [&_svg:not([class*=\\"size-\\"])]:size-4 shrink-0 [&_svg]:shrink-0 outline-none focus-visible:border-ring focus-visible:ring-ring/50 focus-visible:ring-[3px] aria-invalid:ring-destructive/20 dark:aria-invalid:ring-destructive/40 aria-invalid:border-destructive font-semibold cursor-pointer rounded-full border shadow-xs bg-brand/20 text-brand hover:!bg-brand/30 border-brand h-10 gap-1 px-8 py-7 has-[>svg]:px-6 md:has-[>svg]:px-8 w-[158px] sm:w-auto"
    data-size="lg"
    data-slot="button"
  >
    <div
      class="mr-2 h-4 w-4"
      data-testid="user-plus-icon"
    >
      UserRoundPlus
    </div>
    Register
  </button>
</div>
`;

exports[`ActionButtons - Snapshots > matches snapshot with default props 1`] = `
<div
  class="mx-auto w-full flex-col flex gap-3 flex-row sm:items-center"
  data-testid="container"
>
  <button
    class="inline-flex items-center justify-center gap-2 whitespace-nowrap text-sm font-medium transition-all disabled:pointer-events-none disabled:opacity-50 [&_svg]:pointer-events-none [&_svg:not([class*=\\"size-\\"])]:size-4 shrink-0 [&_svg]:shrink-0 outline-none focus-visible:border-ring focus-visible:ring-ring/50 focus-visible:ring-[3px] aria-invalid:ring-destructive/20 dark:aria-invalid:ring-destructive/40 aria-invalid:border-destructive font-semibold cursor-pointer rounded-full border shadow-xs bg-secondary text-secondary-foreground hover:bg-secondary/80 h-10 gap-1 px-8 py-7 has-[>svg]:px-6 md:has-[>svg]:px-8 w-[158px] sm:w-auto"
    data-size="lg"
    data-slot="button"
    data-variant="secondary"
  >
    <div
      class="mr-2 h-4 w-4"
      data-testid="login-icon"
    >
      LogIn
    </div>
    Sign in
  </button>
  <button
    class="inline-flex items-center justify-center gap-2 whitespace-nowrap text-sm font-medium transition-all disabled:pointer-events-none disabled:opacity-50 [&_svg]:pointer-events-none [&_svg:not([class*=\\"size-\\"])]:size-4 shrink-0 [&_svg]:shrink-0 outline-none focus-visible:border-ring focus-visible:ring-ring/50 focus-visible:ring-[3px] aria-invalid:ring-destructive/20 dark:aria-invalid:ring-destructive/40 aria-invalid:border-destructive font-semibold cursor-pointer rounded-full border shadow-xs bg-brand/20 text-brand hover:!bg-brand/30 border-brand h-10 gap-1 px-8 py-7 has-[>svg]:px-6 md:has-[>svg]:px-8 w-[158px] sm:w-auto"
    data-size="lg"
    data-slot="button"
  >
    <div
      class="mr-2 h-4 w-4"
      data-testid="user-plus-icon"
    >
      UserRoundPlus
    </div>
    Create account
  </button>
</div>
`;

exports[`ActionButtons - Snapshots > matches snapshot with sign in callback only 1`] = `
<div
  class="mx-auto w-full flex-col flex gap-3 flex-row sm:items-center"
  data-testid="container"
>
  <button
    class="inline-flex items-center justify-center gap-2 whitespace-nowrap text-sm font-medium transition-all disabled:pointer-events-none disabled:opacity-50 [&_svg]:pointer-events-none [&_svg:not([class*=\\"size-\\"])]:size-4 shrink-0 [&_svg]:shrink-0 outline-none focus-visible:border-ring focus-visible:ring-ring/50 focus-visible:ring-[3px] aria-invalid:ring-destructive/20 dark:aria-invalid:ring-destructive/40 aria-invalid:border-destructive font-semibold cursor-pointer rounded-full border shadow-xs bg-secondary text-secondary-foreground hover:bg-secondary/80 h-10 gap-1 px-8 py-7 has-[>svg]:px-6 md:has-[>svg]:px-8 w-[158px] sm:w-auto"
    data-size="lg"
    data-slot="button"
    data-variant="secondary"
  >
    <div
      class="mr-2 h-4 w-4"
      data-testid="login-icon"
    >
      LogIn
    </div>
    Sign in
  </button>
  <button
    class="inline-flex items-center justify-center gap-2 whitespace-nowrap text-sm font-medium transition-all disabled:pointer-events-none disabled:opacity-50 [&_svg]:pointer-events-none [&_svg:not([class*=\\"size-\\"])]:size-4 shrink-0 [&_svg]:shrink-0 outline-none focus-visible:border-ring focus-visible:ring-ring/50 focus-visible:ring-[3px] aria-invalid:ring-destructive/20 dark:aria-invalid:ring-destructive/40 aria-invalid:border-destructive font-semibold cursor-pointer rounded-full border shadow-xs bg-brand/20 text-brand hover:!bg-brand/30 border-brand h-10 gap-1 px-8 py-7 has-[>svg]:px-6 md:has-[>svg]:px-8 w-[158px] sm:w-auto"
    data-size="lg"
    data-slot="button"
  >
    <div
      class="mr-2 h-4 w-4"
      data-testid="user-plus-icon"
    >
      UserRoundPlus
    </div>
    Create account
  </button>
</div>
`;
