// Vitest Snapshot v1, https://vitest.dev/guide/snapshot.html

exports[`PostTag - Snapshots > matches snapshot when selected 1`] = `
<button
  aria-label="bitcoin tag"
  aria-pressed="true"
  class="cursor-pointer inline-flex items-center justify-center bg-transparent focus-visible:outline-none focus-visible:ring-1 focus-visible:ring-ring disabled:pointer-events-none disabled:opacity-50 [&_svg]:pointer-events-none [&_svg]:size-4 [&_svg]:shrink-0 min-w-9 group relative h-8 gap-1 rounded-lg px-3 backdrop-blur-lg border-0 text-sm font-bold leading-5 text-white transition-all duration-200 hover:bg-transparent hover:text-white data-[state=on]:border data-[state=on]:border-solid data-[state=on]:bg-transparent data-[state=on]:text-white"
  data-state="on"
  style="box-shadow: inset 0 0 0 1px #FF9900;"
  type="button"
>
  <span
    class="flex items-center gap-1.5 text-sm leading-5"
  >
    <span
      class="font-bold"
    >
      bitcoin
    </span>
  </span>
  <div
    aria-hidden="true"
    class="pointer-events-none absolute inset-0 rounded-lg opacity-0 transition-opacity group-hover:opacity-100"
    style="box-shadow: inset 0px 0px 8px 0px #FF9900;"
  />
  <div
    aria-hidden="true"
    class="pointer-events-none absolute inset-0 rounded-lg border border-solid"
    style="border-color: rgb(255, 153, 0);"
  />
</button>
`;

exports[`PostTag - Snapshots > matches snapshot with all features 1`] = `
<button
  aria-label="bitcoin tag (16 posts)"
  aria-pressed="true"
  class="cursor-pointer inline-flex items-center justify-center bg-transparent focus-visible:outline-none focus-visible:ring-1 focus-visible:ring-ring disabled:pointer-events-none disabled:opacity-50 [&_svg]:pointer-events-none [&_svg]:size-4 [&_svg]:shrink-0 min-w-9 group relative h-8 gap-1 rounded-lg px-3 backdrop-blur-lg border-0 text-sm font-bold leading-5 text-white transition-all duration-200 hover:bg-transparent hover:text-white data-[state=on]:border data-[state=on]:border-solid data-[state=on]:bg-transparent data-[state=on]:text-white"
  data-state="on"
  style="box-shadow: inset 0 0 0 1px #FF9900;"
  type="button"
>
  <span
    class="flex items-center gap-1.5 text-sm leading-5"
  >
    <span
      class="font-bold"
    >
      bitcoin
    </span>
    <span
      class="font-medium opacity-50"
    >
      16
    </span>
  </span>
  <span
    aria-label="Remove bitcoin tag"
    class="flex size-4 shrink-0 cursor-pointer items-center justify-center rounded opacity-70 transition-opacity hover:opacity-100"
    role="button"
  >
    <div
      class="size-3"
      data-stroke-width="2"
      data-testid="x-icon"
    >
      X
    </div>
  </span>
  <div
    aria-hidden="true"
    class="pointer-events-none absolute inset-0 rounded-lg opacity-0 transition-opacity group-hover:opacity-100"
    style="box-shadow: inset 0px 0px 8px 0px #FF9900;"
  />
  <div
    aria-hidden="true"
    class="pointer-events-none absolute inset-0 rounded-lg border border-solid"
    style="border-color: rgb(255, 153, 0);"
  />
</button>
`;

exports[`PostTag - Snapshots > matches snapshot with close button 1`] = `
<button
  aria-label="bitcoin tag"
  aria-pressed="false"
  class="cursor-pointer inline-flex items-center justify-center bg-transparent focus-visible:outline-none focus-visible:ring-1 focus-visible:ring-ring disabled:pointer-events-none disabled:opacity-50 [&_svg]:pointer-events-none [&_svg]:size-4 [&_svg]:shrink-0 min-w-9 group relative h-8 gap-1 rounded-lg px-3 backdrop-blur-lg border-0 text-sm font-bold leading-5 text-white transition-all duration-200 hover:bg-transparent hover:text-white data-[state=on]:border data-[state=on]:border-solid data-[state=on]:bg-transparent data-[state=on]:text-white"
  data-state="off"
  type="button"
>
  <span
    class="flex items-center gap-1.5 text-sm leading-5"
  >
    <span
      class="font-bold"
    >
      bitcoin
    </span>
  </span>
  <span
    aria-label="Remove bitcoin tag"
    class="flex size-4 shrink-0 cursor-pointer items-center justify-center rounded opacity-70 transition-opacity hover:opacity-100"
    role="button"
  >
    <div
      class="size-3"
      data-stroke-width="2"
      data-testid="x-icon"
    >
      X
    </div>
  </span>
  <div
    aria-hidden="true"
    class="pointer-events-none absolute inset-0 rounded-lg opacity-0 transition-opacity group-hover:opacity-100"
    style="box-shadow: inset 0px 0px 8px 0px #FF9900;"
  />
</button>
`;

exports[`PostTag - Snapshots > matches snapshot with counter 1`] = `
<button
  aria-label="bitcoin tag (16 posts)"
  aria-pressed="false"
  class="cursor-pointer inline-flex items-center justify-center bg-transparent focus-visible:outline-none focus-visible:ring-1 focus-visible:ring-ring disabled:pointer-events-none disabled:opacity-50 [&_svg]:pointer-events-none [&_svg]:size-4 [&_svg]:shrink-0 min-w-9 group relative h-8 gap-1 rounded-lg px-3 backdrop-blur-lg border-0 text-sm font-bold leading-5 text-white transition-all duration-200 hover:bg-transparent hover:text-white data-[state=on]:border data-[state=on]:border-solid data-[state=on]:bg-transparent data-[state=on]:text-white"
  data-state="off"
  type="button"
>
  <span
    class="flex items-center gap-1.5 text-sm leading-5"
  >
    <span
      class="font-bold"
    >
      bitcoin
    </span>
    <span
      class="font-medium opacity-50"
    >
      16
    </span>
  </span>
  <div
    aria-hidden="true"
    class="pointer-events-none absolute inset-0 rounded-lg opacity-0 transition-opacity group-hover:opacity-100"
    style="box-shadow: inset 0px 0px 8px 0px #FF9900;"
  />
</button>
`;

exports[`PostTag - Snapshots > matches snapshot with custom color 1`] = `
<button
  aria-label="bitcoin tag"
  aria-pressed="false"
  class="cursor-pointer inline-flex items-center justify-center bg-transparent focus-visible:outline-none focus-visible:ring-1 focus-visible:ring-ring disabled:pointer-events-none disabled:opacity-50 [&_svg]:pointer-events-none [&_svg]:size-4 [&_svg]:shrink-0 min-w-9 group relative h-8 gap-1 rounded-lg px-3 backdrop-blur-lg border-0 text-sm font-bold leading-5 text-white transition-all duration-200 hover:bg-transparent hover:text-white data-[state=on]:border data-[state=on]:border-solid data-[state=on]:bg-transparent data-[state=on]:text-white"
  data-state="off"
  type="button"
>
  <span
    class="flex items-center gap-1.5 text-sm leading-5"
  >
    <span
      class="font-bold"
    >
      bitcoin
    </span>
  </span>
  <div
    aria-hidden="true"
    class="pointer-events-none absolute inset-0 rounded-lg opacity-0 transition-opacity group-hover:opacity-100"
    style="box-shadow: inset 0px 0px 8px 0px #FF0000;"
  />
</button>
`;

exports[`PostTag - Snapshots > matches snapshot with default state 1`] = `
<button
  aria-label="bitcoin tag"
  aria-pressed="false"
  class="cursor-pointer inline-flex items-center justify-center bg-transparent focus-visible:outline-none focus-visible:ring-1 focus-visible:ring-ring disabled:pointer-events-none disabled:opacity-50 [&_svg]:pointer-events-none [&_svg]:size-4 [&_svg]:shrink-0 min-w-9 group relative h-8 gap-1 rounded-lg px-3 backdrop-blur-lg border-0 text-sm font-bold leading-5 text-white transition-all duration-200 hover:bg-transparent hover:text-white data-[state=on]:border data-[state=on]:border-solid data-[state=on]:bg-transparent data-[state=on]:text-white"
  data-state="off"
  type="button"
>
  <span
    class="flex items-center gap-1.5 text-sm leading-5"
  >
    <span
      class="font-bold"
    >
      bitcoin
    </span>
  </span>
  <div
    aria-hidden="true"
    class="pointer-events-none absolute inset-0 rounded-lg opacity-0 transition-opacity group-hover:opacity-100"
    style="box-shadow: inset 0px 0px 8px 0px #FF9900;"
  />
</button>
`;
