// Vitest Snapshot v1, https://vitest.dev/guide/snapshot.html

exports[`ActionSection - Snapshots > matches snapshot with action containing icon 1`] = `
<div
  class="mx-auto flex gap-6 w-full flex-row"
  data-testid="container"
>
  <div
    class="mx-auto flex flex-col items-start gap-4 justify-start w-full"
    data-testid="container"
  />
  <div
    class="mx-auto w-full flex flex-row gap-3"
    data-testid="container"
  >
    <button
      class="inline-flex items-center justify-center whitespace-nowrap text-sm transition-all disabled:pointer-events-none disabled:opacity-50 [&_svg]:pointer-events-none [&_svg:not([class*=\\"size-\\"])]:size-4 shrink-0 [&_svg]:shrink-0 outline-none focus-visible:border-ring focus-visible:ring-ring/50 focus-visible:ring-[3px] aria-invalid:ring-destructive/40 aria-invalid:border-destructive font-semibold cursor-pointer border shadow-xs bg-secondary text-secondary-foreground hover:bg-secondary/80 h-10 gap-1 px-4 py-2 has-[>svg]:px-4 rounded-full"
      data-slot="button"
      data-variant="secondary"
    >
      <span>
        ðŸš€
      </span>
      Action with Icon
    </button>
  </div>
</div>
`;

exports[`ActionSection - Snapshots > matches snapshot with children 1`] = `
<div
  class="mx-auto flex gap-6 w-full flex-row"
  data-testid="container"
>
  <div
    class="mx-auto flex flex-col items-start gap-4 justify-start w-full"
    data-testid="container"
  >
    <div>
      Custom content
    </div>
  </div>
</div>
`;

exports[`ActionSection - Snapshots > matches snapshot with custom className 1`] = `
<div
  class="mx-auto flex gap-6 w-full flex-row custom-actions"
  data-testid="container"
>
  <div
    class="mx-auto flex flex-col items-start gap-4 justify-start w-full"
    data-testid="container"
  />
</div>
`;

exports[`ActionSection - Snapshots > matches snapshot with default props 1`] = `
<div
  class="mx-auto flex gap-6 w-full flex-row"
  data-testid="container"
>
  <div
    class="mx-auto flex flex-col items-start gap-4 justify-start w-full"
    data-testid="container"
  />
</div>
`;

exports[`ActionSection - Snapshots > matches snapshot with multiple actions 1`] = `
<div
  class="mx-auto flex gap-6 w-full flex-row"
  data-testid="container"
>
  <div
    class="mx-auto flex flex-col items-start gap-4 justify-start w-full"
    data-testid="container"
  />
  <div
    class="mx-auto w-full flex flex-row gap-3"
    data-testid="container"
  >
    <button
      class="inline-flex items-center justify-center whitespace-nowrap text-sm transition-all disabled:pointer-events-none disabled:opacity-50 [&_svg]:pointer-events-none [&_svg:not([class*=\\"size-\\"])]:size-4 shrink-0 [&_svg]:shrink-0 outline-none focus-visible:border-ring focus-visible:ring-ring/50 focus-visible:ring-[3px] aria-invalid:ring-destructive/40 aria-invalid:border-destructive font-semibold cursor-pointer border shadow-xs bg-brand/16 text-brand hover:!bg-brand/30 border-brand h-10 gap-1 px-4 py-2 has-[>svg]:px-4 rounded-full"
      data-slot="button"
      data-variant="default"
    >
      Continue
    </button>
    <button
      class="inline-flex items-center justify-center whitespace-nowrap text-sm transition-all disabled:pointer-events-none disabled:opacity-50 [&_svg]:pointer-events-none [&_svg:not([class*=\\"size-\\"])]:size-4 shrink-0 [&_svg]:shrink-0 outline-none focus-visible:border-ring focus-visible:ring-ring/50 focus-visible:ring-[3px] aria-invalid:ring-destructive/40 aria-invalid:border-destructive font-semibold cursor-pointer border shadow-xs hover:text-accent-foreground bg-input/30 border-input hover:bg-input/50 h-10 gap-1 px-4 py-2 has-[>svg]:px-4 rounded-full"
      data-slot="button"
      data-variant="outline"
    >
      Back
    </button>
  </div>
</div>
`;

exports[`ActionSection - Snapshots > matches snapshot with single action 1`] = `
<div
  class="mx-auto flex gap-6 w-full flex-row"
  data-testid="container"
>
  <div
    class="mx-auto flex flex-col items-start gap-4 justify-start w-full"
    data-testid="container"
  />
  <div
    class="mx-auto w-full flex flex-row gap-3"
    data-testid="container"
  >
    <button
      class="inline-flex items-center justify-center whitespace-nowrap text-sm transition-all disabled:pointer-events-none disabled:opacity-50 [&_svg]:pointer-events-none [&_svg:not([class*=\\"size-\\"])]:size-4 shrink-0 [&_svg]:shrink-0 outline-none focus-visible:border-ring focus-visible:ring-ring/50 focus-visible:ring-[3px] aria-invalid:ring-destructive/40 aria-invalid:border-destructive font-semibold cursor-pointer border shadow-xs bg-secondary text-secondary-foreground hover:bg-secondary/80 h-10 gap-1 px-4 py-2 has-[>svg]:px-4 rounded-full"
      data-slot="button"
      data-variant="secondary"
    >
      Single Action
    </button>
  </div>
</div>
`;
